
> nextjs@0.1.0 build
> next build

node.exe :  ΓÜá 
Warning: Next.js 
inferred your 
workspace root, but 
it may not be 
correct.
At line:1 char:1
+ & "C:\Program Files
\nodejs/node.exe" 
"C:\Program 
Files\nodejs/node_mo 
...
+ ~~~~~~~~~~~~~~~~~~~
~~~~~~~~~~~~~~~~~~~~~
~~~~~~~~~~~~~~~~~~~~~
~~~~~~~~
    + CategoryInfo   
           : NotSpe  
  cified: ( ΓÜá Wa   
 rning: N...not b    
e correct.:Strin    
g) [], RemoteExc    
eption
    + FullyQualified 
   ErrorId : Native  
  CommandError
 
 We detected 
multiple lockfiles 
and selected the 
directory of C:\Users
\mlpal\OneDrive\Docum
ents\Pulse 
OS\package-lock.json 
as the root 
directory.
 To silence this 
warning, set 
`turbopack.root` in 
your Next.js config, 
or consider removing 
one of the lockfiles 
if it's not needed.
   See https://nextjs
.org/docs/app/api-ref
erence/config/next-co
nfig-js/turbopack#roo
t-directory for more 
information.
 Detected additional 
lockfiles: 
   * C:\Users\mlpal\O
neDrive\Documents\Pul
se OS\PulseMasterrepo
-main\PulseMasterrepo
\package-lock.json
   * C:\Users\mlpal\O
neDrive\Documents\Pul
se OS\PulseMasterrepo
-main\package-lock.js
on

   Γû▓ Next.js 16.0.7 (Turbopack)
   - Environments: .env.local

 ΓÜá The 
"middleware" file 
convention is 
deprecated. Please 
use "proxy" instead. 
Learn more: https://n
extjs.org/docs/messag
es/middleware-to-prox
y
   Creating an optimized production build ...

> Build error 
occurred
Error: Turbopack 
build failed with 2 
errors:
./PulseMasterrepo-mai
n/PulseMasterrepo/app
/api/agents/[runId]/r
oute.ts:9:1
Module not found: 
Can't resolve 
'@/lib/agents'
[0m [90m  7 |[39m 
[36mimport[39m { [
33mNextRequest[39m[
33m,[39m [33mNextRe
sponse[39m } 
[36mfrom[39m [32m"
next/server"[39m[33
m;[39m
 [90m  8 |[39m 
[36mimport[39m { 
auth } 
[36mfrom[39m [32m"
@clerk/nextjs/server"
[39m[33m;[39m
[31m[1m>[22m[39m
[90m  9 |[39m 
[36mimport[39m {
 [90m    |[39m [31
m[1m^[22m[39m[31m
[1m^[22m[39m[31m
[1m^[22m[39m[31m[
1m^[22m[39m[31m[1
m^[22m[39m[31m[1m
^[22m[39m[31m[1m^
[22m[39m[31m[1m^
[22m[39m
[31m[1m>[22m[39m
[90m 10 |[39m   
runAgent[33m,[39m
 [90m    |[39m [31
m[1m^[22m[39m[31m
[1m^[22m[39m[31m
[1m^[22m[39m[31m[
1m^[22m[39m[31m[1
m^[22m[39m[31m[1m
^[22m[39m[31m[1m^
[22m[39m[31m[1m^
[22m[39m[31m[1m^[
22m[39m[31m[1m^[2
2m[39m[31m[1m^[22
m[39m
[31m[1m>[22m[39m
[90m 11 |[39m   
getRun[33m,[39m
 [90m    |[39m [31
m[1m^[22m[39m[31m
[1m^[22m[39m[31m
[1m^[22m[39m[31m[
1m^[22m[39m[31m[1
m^[22m[39m[31m[1m
^[22m[39m[31m[1m^
[22m[39m[31m[1m^
[22m[39m[31m[1m^[
22m[39m[31m[1m^[2
2m[39m[31m[1m^[22
m[39m
[31m[1m>[22m[39m
[90m 12 |[39m   getR
unMessages[33m,[39m
 [90m    |[39m [31
m[1m^[22m[39m[31m
[1m^[22m[39m[31m
[1m^[22m[39m[31m[
1m^[22m[39m[31m[1
m^[22m[39m[31m[1m
^[22m[39m[31m[1m^
[22m[39m[31m[1m^
[22m[39m[31m[1m^[
22m[39m[31m[1m^[2
2m[39m[31m[1m^[22
m[39m
[31m[1m>[22m[39m
[90m 13 |[39m   comp
leteRun[33m,[39m
 [90m    |[39m [31
m[1m^[22m[39m[31m
[1m^[22m[39m[31m
[1m^[22m[39m[31m[
1m^[22m[39m[31m[1
m^[22m[39m[31m[1m
^[22m[39m[31m[1m^
[22m[39m[31m[1m^
[22m[39m[31m[1m^[
22m[39m[31m[1m^[2
2m[39m[31m[1m^[22
m[39m
[31m[1m>[22m[39m
[90m 14 |[39m   
abortRun[33m,[39m
 [90m    |[39m [31
m[1m^[22m[39m[31m
[1m^[22m[39m[31m
[1m^[22m[39m[31m[
1m^[22m[39m[31m[1
m^[22m[39m[31m[1m
^[22m[39m[31m[1m^
[22m[39m[31m[1m^
[22m[39m[31m[1m^[
22m[39m[31m[1m^[2
2m[39m[31m[1m^[22
m[39m
[31m[1m>[22m[39m
[90m 15 |[39m } 
[36mfrom[39m [32m"
@/lib/agents"[39m[3
3m;[39m
 [90m    |[39m [31
m[1m^[22m[39m[31m
[1m^[22m[39m[31m
[1m^[22m[39m[31m[
1m^[22m[39m[31m[1
m^[22m[39m[31m[1m
^[22m[39m[31m[1m^
[22m[39m[31m[1m^
[22m[39m[31m[1m^[
22m[39m[31m[1m^[2
2m[39m[31m[1m^[22
m[39m[31m[1m^[22m
[39m[31m[1m^[22m
[39m[31m[1m^[22m[
39m[31m[1m^[22m[3
9m[31m[1m^[22m[39
m[31m[1m^[22m[39m
[31m[1m^[22m[39m
[31m[1m^[22m[39m[
31m[1m^[22m[39m[3
1m[1m^[22m[39m[31
m[1m^[22m[39m[31m
[1m^[22m[39m
 [90m 16 |[39m
 [90m 17 |[39m 
[90m/**[39m
 [90m 18 |[39m 
[90m * GET /api/agen
ts/[runId][39m[0m

Import map: aliased 
to relative 
'./lib/agents' 
inside of [project]/P
ulseMasterrepo-main/P
ulseMasterrepo


https://nextjs.org/do
cs/messages/module-no
t-found


./PulseMasterrepo-mai
n/PulseMasterrepo/app
/api/agents/route.ts:
8:1
Module not found: 
Can't resolve 
'@/lib/agents'
[0m [90m  6 |[39m 
[36mimport[39m { [
33mNextRequest[39m[
33m,[39m [33mNextRe
sponse[39m } 
[36mfrom[39m [32m"
next/server"[39m[33
m;[39m
 [90m  7 |[39m 
[36mimport[39m { 
auth } 
[36mfrom[39m [32m"
@clerk/nextjs/server"
[39m[33m;[39m
[31m[1m>[22m[39m
[90m  8 |[39m 
[36mimport[39m { li
stAgents[33m,[39m 
runAgent[33m,[39m 
getUserRuns } 
[36mfrom[39m [32m"
@/lib/agents"[39m[3
3m;[39m
 [90m    |[39m [31
m[1m^[22m[39m[31m
[1m^[22m[39m[31m
[1m^[22m[39m[31m[
1m^[22m[39m[31m[1
m^[22m[39m[31m[1m
^[22m[39m[31m[1m^
[22m[39m[31m[1m^
[22m[39m[31m[1m^[
22m[39m[31m[1m^[2
2m[39m[31m[1m^[22
m[39m[31m[1m^[22m
[39m[31m[1m^[22m
[39m[31m[1m^[22m[
39m[31m[1m^[22m[3
9m[31m[1m^[22m[39
m[31m[1m^[22m[39m
[31m[1m^[22m[39m
[31m[1m^[22m[39m[
31m[1m^[22m[39m[3
1m[1m^[22m[39m[31
m[1m^[22m[39m[31m
[1m^[22m[39m[31m
[1m^[22m[39m[31m[
1m^[22m[39m[31m[1
m^[22m[39m[31m[1m
^[22m[39m[31m[1m^
[22m[39m[31m[1m^
[22m[39m[31m[1m^[
22m[39m[31m[1m^[2
2m[39m[31m[1m^[22
m[39m[31m[1m^[22m
[39m[31m[1m^[22m
[39m[31m[1m^[22m[
39m[31m[1m^[22m[3
9m[31m[1m^[22m[39
m[31m[1m^[22m[39m
[31m[1m^[22m[39m
[31m[1m^[22m[39m[
31m[1m^[22m[39m[3
1m[1m^[22m[39m[31
m[1m^[22m[39m[31m
[1m^[22m[39m[31m
[1m^[22m[39m[31m[
1m^[22m[39m[31m[1
m^[22m[39m[31m[1m
^[22m[39m[31m[1m^
[22m[39m[31m[1m^
[22m[39m[31m[1m^[
22m[39m[31m[1m^[2
2m[39m[31m[1m^[22
m[39m[31m[1m^[22m
[39m[31m[1m^[22m
[39m[31m[1m^[22m[
39m[31m[1m^[22m[3
9m[31m[1m^[22m[39
m[31m[1m^[22m[39m
[31m[1m^[22m[39m
[31m[1m^[22m[39m[
31m[1m^[22m[39m[3
1m[1m^[22m[39m[31
m[1m^[22m[39m[31m
[1m^[22m[39m
 [90m  9 |[39m
 [90m 10 |[39m 
[90m/**[39m
 [90m 11 |[39m 
[90m * GET 
/api/agents[39m[0m

Import map: aliased 
to relative 
'./lib/agents' 
inside of [project]/P
ulseMasterrepo-main/P
ulseMasterrepo


https://nextjs.org/do
cs/messages/module-no
t-found


    at <unknown> (./P
ulseMasterrepo-main/P
ulseMasterrepo/app/ap
i/agents/[runId]/rout
e.ts:9:1)
    at <unknown> (htt
ps://nextjs.org/docs/
messages/module-not-f
ound)
    at <unknown> (./P
ulseMasterrepo-main/P
ulseMasterrepo/app/ap
i/agents/route.ts:8:1
)
    at <unknown> (htt
ps://nextjs.org/docs/
messages/module-not-f
ound)
