app/api/notifications/route.ts(185,39): error TS7006: Parameter 'n' implicitly has an 'any' type.
app/api/pulse/intelligent/route.ts(216,30): error TS2554: Expected 3-4 arguments, but got 2.
app/api/tasks/route.ts(8,21): error TS2554: Expected 0 arguments, but got 1.
