components/today/TodayDashboard.tsx(120,60): error TS1005: ':' expected.
components/today/TodayDashboard.tsx(120,90): error TS1109: Expression expected.
components/today/TodayDashboard.tsx(120,94): error TS1005: ';' expected.
components/today/TodayDashboard.tsx(120,95): error TS1434: Unexpected keyword or identifier.
components/today/TodayDashboard.tsx(122,55): error TS1005: ':' expected.
components/today/TodayDashboard.tsx(124,67): error TS1005: ':' expected.
components/today/TodayDashboard.tsx(124,97): error TS1109: Expression expected.
components/today/TodayDashboard.tsx(124,104): error TS1005: ';' expected.
components/today/TodayDashboard.tsx(126,67): error TS1005: ':' expected.
components/today/TodayDashboard.tsx(172,47): error TS1005: ';' expected.
components/today/TodayDashboard.tsx(172,66): error TS1161: Unterminated regular expression literal.
components/today/TodayDashboard.tsx(172,84): error TS1128: Declaration or statement expected.
components/today/TodayDashboard.tsx(173,25): error TS1128: Declaration or statement expected.
components/today/TodayDashboard.tsx(174,21): error TS1109: Expression expected.
components/today/TodayDashboard.tsx(175,17): error TS1109: Expression expected.
components/today/TodayDashboard.tsx(178,11): error TS1005: ';' expected.
components/today/TodayDashboard.tsx(180,15): error TS1005: ';' expected.
components/today/TodayDashboard.tsx(181,25): error TS2657: JSX expressions must have one parent element.
components/today/TodayDashboard.tsx(229,21): error TS1128: Declaration or statement expected.
components/today/TodayDashboard.tsx(232,11): error TS1005: ';' expected.
components/today/TodayDashboard.tsx(233,25): error TS2657: JSX expressions must have one parent element.
components/today/TodayDashboard.tsx(261,21): error TS1128: Declaration or statement expected.
components/today/TodayDashboard.tsx(264,11): error TS1005: ';' expected.
components/today/TodayDashboard.tsx(266,21): error TS1128: Declaration or statement expected.
components/today/TodayDashboard.tsx(269,11): error TS1005: ';' expected.
components/today/TodayDashboard.tsx(270,25): error TS2657: JSX expressions must have one parent element.
components/today/TodayDashboard.tsx(327,21): error TS1128: Declaration or statement expected.
components/today/TodayDashboard.tsx(330,11): error TS1005: ';' expected.
components/today/TodayDashboard.tsx(331,25): error TS2657: JSX expressions must have one parent element.
components/today/TodayDashboard.tsx(368,21): error TS1128: Declaration or statement expected.
components/today/TodayDashboard.tsx(371,11): error TS1005: ';' expected.
components/today/TodayDashboard.tsx(372,25): error TS2657: JSX expressions must have one parent element.
components/today/TodayDashboard.tsx(401,21): error TS1128: Declaration or statement expected.
components/today/TodayDashboard.tsx(402,17): error TS1109: Expression expected.
components/today/TodayDashboard.tsx(405,11): error TS1005: ';' expected.
components/today/TodayDashboard.tsx(406,14): error TS1005: ';' expected.
components/today/TodayDashboard.tsx(406,19): error TS1228: A type predicate is only allowed in return type position for functions and methods.
components/today/TodayDashboard.tsx(406,22): error TS1434: Unexpected keyword or identifier.
components/today/TodayDashboard.tsx(406,52): error TS1005: ';' expected.
components/today/TodayDashboard.tsx(406,81): error TS1005: ';' expected.
components/today/TodayDashboard.tsx(406,101): error TS1005: ';' expected.
components/today/TodayDashboard.tsx(406,107): error TS1127: Invalid character.
components/today/TodayDashboard.tsx(406,109): error TS1434: Unexpected keyword or identifier.
components/today/TodayDashboard.tsx(406,113): error TS1434: Unexpected keyword or identifier.
components/today/TodayDashboard.tsx(407,17): error TS1003: Identifier expected.
components/today/TodayDashboard.tsx(408,13): error TS1109: Expression expected.
components/today/TodayDashboard.tsx(409,9): error TS1109: Expression expected.
components/today/TodayDashboard.tsx(410,5): error TS1109: Expression expected.
components/today/TodayDashboard.tsx(411,1): error TS1128: Declaration or statement expected.
